invalid command name "2796231916800_drain_events"
    while executing
"2796231916800_drain_events"
    ("after" script)
invalid command name "2796173731712_drain_events"
    while executing
"2796173731712_drain_events"
    ("after" script)
invalid command name "2796173756032_drain_events"
    while executing
"2796173756032_drain_events"
    ("after" script)
